// Jest Snapshot v1, https://goo.gl/fbAQLP

exports[`index.ts Works 1`] = `"Hello, World!"`;
